// Jest Snapshot v1, https://goo.gl/fbAQLP

exports[`<Nav /> renders amount of items in cart 1`] = `
<div
  className="CartCount__Dot-xxvp4g-1 gpIeEZ count"
>
  9
</div>
`;
